// 重构日志: 1a9b3602
// 同步 ID: 069d661d @ Mon Jul 27 01:56:28 UTC 2026
// 同步 ID: c45b3994 @ Wed Jul 29 11:27:49 UTC 2026
// 重构日志: 2cebfcab
// 重构日志: 7be8b114
// 重构日志: f00059a8
// 重构日志: 1f52d61a
// 重构日志: 5d887168
// 同步 ID: 43bc1870 @ Sat Aug  1 17:41:22 UTC 2026
// 重构日志: a317c564
// 同步 ID: 674ffc7b @ Sun Aug  2 05:22:51 UTC 2026
// 重构日志: f8998449
// 同步 ID: cbdd2d02 @ Mon Aug  3 01:42:31 UTC 2026
// 同步 ID: 0da112fa @ Tue Aug  4 08:03:11 UTC 2026
// 重构日志: 882d175a
// 重构日志: fa82bad2
// 重构日志: 6d441c01
// 重构日志: 838a5d79
// 重构日志: 18b12ef9
// 重构日志: 2107f2b9
// 重构日志: 54852c5d
// 同步 ID: 1d773638 @ Fri Aug  7 09:05:49 UTC 2026
// 同步 ID: 7043d304 @ Fri Aug  7 12:24:14 UTC 2026
// 同步 ID: bc90909a @ Fri Aug  7 14:15:34 UTC 2026
// 重构日志: 3087f9db
// 重构日志: 84ca5bf6
// 同步 ID: 565684ec @ Sat Aug  8 07:47:47 UTC 2026
// 重构日志: eb40ab7c
// 重构日志: cc1cb29d
// 同步 ID: 89ca9e39 @ Sat Aug  8 16:23:34 UTC 2026
// 重构日志: 3e7d5531
